// Jest Snapshot v1, https://goo.gl/fbAQLP

exports[`[4] Matches snapshot so nothing changes inadvertently 1`] = `
<header
  className="sc-jTQDJr eaKBoq"
>
  <h1
    className="sc-gLLuHO kwZjLc"
  >
    Pokemon 151 Project
  </h1>
  <section
    className="sc-iBdoyZ bLAImq"
  >
    <menu
      className="sc-fsYfxw kxxrzu"
    >
      <div
        className="sc-qZruQ eYmnhz"
        data-testid="logo"
      >
         
        Dark Mode
      </div>
      <button
        className="sc-jsEeA-d lmpeGT"
        data-testid="toggle_btn"
        onClick={[Function]}
      >
        <svg
          color="#ff0"
          fill="currentColor"
          height="24"
          stroke="currentColor"
          strokeWidth="0"
          style={
            Object {
              "color": "#ff0",
            }
          }
          viewBox="0 0 16 16"
          width="24"
          xmlns="http://www.w3.org/2000/svg"
        >
          <title>
            Switch to light mode
          </title>
          <path
            d="M8 11a3 3 0 1 1 0-6 3 3 0 0 1 0 6zm0 1a4 4 0 1 0 0-8 4 4 0 0 0 0 8zM8 0a.5.5 0 0 1 .5.5v2a.5.5 0 0 1-1 0v-2A.5.5 0 0 1 8 0zm0 13a.5.5 0 0 1 .5.5v2a.5.5 0 0 1-1 0v-2A.5.5 0 0 1 8 13zm8-5a.5.5 0 0 1-.5.5h-2a.5.5 0 0 1 0-1h2a.5.5 0 0 1 .5.5zM3 8a.5.5 0 0 1-.5.5h-2a.5.5 0 0 1 0-1h2A.5.5 0 0 1 3 8zm10.657-5.657a.5.5 0 0 1 0 .707l-1.414 1.415a.5.5 0 1 1-.707-.708l1.414-1.414a.5.5 0 0 1 .707 0zm-9.193 9.193a.5.5 0 0 1 0 .707L3.05 13.657a.5.5 0 0 1-.707-.707l1.414-1.414a.5.5 0 0 1 .707 0zm9.193 2.121a.5.5 0 0 1-.707 0l-1.414-1.414a.5.5 0 0 1 .707-.707l1.414 1.414a.5.5 0 0 1 0 .707zM4.464 4.465a.5.5 0 0 1-.707 0L2.343 3.05a.5.5 0 1 1 .707-.707l1.414 1.414a.5.5 0 0 1 0 .708z"
          />
        </svg>
      </button>
      <div
        className="sc-irLvoH Vvvli"
      />
      <button
        className="sc-kFCrIq kIpQeD"
        onClick={[Function]}
      >
        Show Shiny Forms
      </button>
    </menu>
    <section
      className="sc-guDMob kkcneg"
    >
      <button
        className="sc-dmyDmy bbdhUi"
        data-testid="dropbtn"
      >
        Display Options
      </button>
      <menu
        className="sc-beyTiQ cvkhIn dropdown-content"
      >
        <div>
          <button
            className="sc-hLQTFJ piuou"
            data-testid="reset-btn"
            id="reset-btn"
            onClick={[Function]}
          >
            Reset All
          </button>
          <h5
            className="sc-eDLKEg cQxIQw"
            data-testid="dropdown-display-title"
          >
            Pick a type:
          </h5>
          <button
            className="sc-hLQTFJ piuou"
            data-testid="dropbtn-inner"
            id="normal-btn"
            onClick={[Function]}
          >
            Normal
          </button>
          <button
            className="sc-hLQTFJ piuou"
            data-testid="dropbtn-inner"
            id="fire-btn"
            onClick={[Function]}
          >
            Fire
          </button>
          <button
            className="sc-hLQTFJ piuou"
            data-testid="dropbtn-inner"
            id="water-btn"
            onClick={[Function]}
          >
            Water
          </button>
          <button
            className="sc-hLQTFJ piuou"
            data-testid="dropbtn-inner"
            id="electric-btn"
            onClick={[Function]}
          >
            Electric
          </button>
          <button
            className="sc-hLQTFJ piuou"
            data-testid="dropbtn-inner"
            id="grass-btn"
            onClick={[Function]}
          >
            Grass
          </button>
          <button
            className="sc-hLQTFJ piuou"
            data-testid="dropbtn-inner"
            id="ice-btn"
            onClick={[Function]}
          >
            Ice
          </button>
          <button
            className="sc-hLQTFJ piuou"
            data-testid="dropbtn-inner"
            id="fighting-btn"
            onClick={[Function]}
          >
            Fighting
          </button>
          <button
            className="sc-hLQTFJ piuou"
            data-testid="dropbtn-inner"
            id="poison-btn"
            onClick={[Function]}
          >
            Poison
          </button>
          <button
            className="sc-hLQTFJ piuou"
            data-testid="dropbtn-inner"
            id="ground-btn"
            onClick={[Function]}
          >
            Ground
          </button>
          <button
            className="sc-hLQTFJ piuou"
            data-testid="dropbtn-inner"
            id="flying-btn"
            onClick={[Function]}
          >
            Flying
          </button>
          <button
            className="sc-hLQTFJ piuou"
            data-testid="dropbtn-inner"
            id="psychic-btn"
            onClick={[Function]}
          >
            Psychic
          </button>
          <button
            className="sc-hLQTFJ piuou"
            data-testid="dropbtn-inner"
            id="bug-btn"
            onClick={[Function]}
          >
            Bug
          </button>
          <button
            className="sc-hLQTFJ piuou"
            data-testid="dropbtn-inner"
            id="rock-btn"
            onClick={[Function]}
          >
            Rock
          </button>
          <button
            className="sc-hLQTFJ piuou"
            data-testid="dropbtn-inner"
            id="ghost-btn"
            onClick={[Function]}
          >
            Ghost
          </button>
          <button
            className="sc-hLQTFJ piuou"
            data-testid="dropbtn-inner"
            id="dragon-btn"
            onClick={[Function]}
          >
            Dragon
          </button>
        </div>
        <div>
          <h5
            className="sc-eDLKEg cQxIQw"
          >
            Pick a weight:
          </h5>
          <button
            className="sc-hLQTFJ piuou"
            data-testid="dropbtn-inner"
            id="small-btn"
            onClick={[Function]}
          >
            Small
          </button>
          <button
            className="sc-hLQTFJ piuou"
            data-testid="dropbtn-inner"
            id="big-btn"
            onClick={[Function]}
          >
            Big
          </button>
        </div>
        <div>
          <h5
            className="sc-eDLKEg cQxIQw"
          >
            Pick a height:
          </h5>
          <button
            className="sc-hLQTFJ piuou"
            data-testid="dropbtn-inner"
            id="short-btn"
            onClick={[Function]}
          >
            Short
          </button>
          <button
            className="sc-hLQTFJ piuou"
            data-testid="dropbtn-inner"
            id="tall-btn"
            onClick={[Function]}
          >
            Tall
          </button>
        </div>
      </menu>
    </section>
  </section>
  <section
    className="sc-csKJRI fDtcLf"
  >
    <h2>
      Author: Adam Hinton
    </h2>
    <nav
      className="sc-eTNxZ hHxGhQ"
    >
      <a
        className="sc-brSaGm fJNlLG"
        href="https://github.com/adamhinton/pokemon-project"
      >
        Source
      </a>
      <a
        className="sc-brSaGm fJNlLG"
        href="https://www.linkedin.com/in/adam-hinton/"
      >
        LinkedIn
      </a>
      <a
        className="sc-brSaGm fJNlLG"
        href="https://pokeapi.co"
      >
        PokeAPI
      </a>
      <a
        className="sc-brSaGm fJNlLG"
        href="https://bulbapedia.bulbagarden.net/wiki/Shiny_Pok%C3%A9mon"
      >
        Shinies
      </a>
    </nav>
  </section>
</header>
`;
